// Jest Snapshot v1, https://goo.gl/fbAQLP

exports[`should render AddExpensePage correctly 1`] = `
<div>
  <div
    className="page-header"
  >
    <div
      className="content-container"
    >
      <div
        className="page-header__title"
      >
        <h1>
          Add Expense
        </h1>
      </div>
    </div>
  </div>
  <div
    className="content-container"
  >
    <ExpenseForm
      onSubmit={[Function]}
    />
  </div>
</div>
`;
